// Jest Snapshot v1, https://goo.gl/fbAQLP

exports[`Fab component Should match with the snapshot 1`] = `<button class="btn btn-primary"><i class="fa fa-2x fa-plus"></i></button>`;
